PS C:\Users\Bezi1\Documents> mkdir git_challenge


    ディレクトリ: C:\Users\Bezi1\Documents


Mode                 LastWriteTime         Length Name
----                 -------------         ------ ----
d-----        2025/02/18     17:22                git_challenge


PS C:\Users\Bezi1\Documents> cd .\git_challenge\
PS C:\Users\Bezi1\Documents\git_challenge> git init
Initialized empty Git repository in C:/Users/Bezi1/Documents/git_challenge/.git/
PS C:\Users\Bezi1\Documents\git_challenge> Set-Content -Path hello_world.txt -Value "Hello, world!" -Encoding UTF8
PS C:\Users\Bezi1\Documents\git_challenge> git add hello_world.txt
PS C:\Users\Bezi1\Documents\git_challenge> git commit -m "hello_world.txtを追加"
[main (root-commit) 063bde8] hello_world.txtを追加
 1 file changed, 1 insertion(+)
 create mode 100644 hello_world.txt
PS C:\Users\Bezi1\Documents\git_challenge> Add-Content -Path hello_world.txt -Value "こんにちは、世界！" -Encoding UTF8
PS C:\Users\Bezi1\Documents\git_challenge> git add hello_world.txt
PS C:\Users\Bezi1\Documents\git_challenge> git commit -m "日本語訳を追記"
[main 8c05b2a] 日本語訳を追記
 1 file changed, 1 insertion(+)
PS C:\Users\Bezi1\Documents\git_challenge> git log --oneline
8c05b2a (HEAD -> main) 日本語訳を追記
063bde8 hello_world.txtを追加